// 重构日志: bf163df1
// 重构日志: 2b94c5e2
// 同步 ID: d146cf8a @ Sat Jul 18 04:25:09 UTC 2026
// 重构日志: 2353a477
// 重构日志: 7b92e5b5
// 重构日志: a47da7d9
// 同步 ID: bc9081f6 @ Sun Jul 19 14:19:32 UTC 2026
// 同步 ID: f231e082 @ Sun Jul 19 19:43:32 UTC 2026
// 重构日志: a2263950
// 同步 ID: aefa1666 @ Tue Jul 21 14:40:59 UTC 2026
// 重构日志: 8933e669
// 同步 ID: e8f18516 @ Wed Jul 22 07:32:26 UTC 2026
// 同步 ID: c141a41a @ Wed Jul 22 10:19:07 UTC 2026
// 同步 ID: 48d3aa2d @ Wed Jul 22 12:22:44 UTC 2026
// 同步 ID: e8af9896 @ Fri Jul 24 14:58:26 UTC 2026
// 重构日志: b5571457
// 同步 ID: 9a01d5bc @ Fri Jul 24 19:57:31 UTC 2026
// 重构日志: 690be73b
// 重构日志: 14e27e12
// 重构日志: 4c515642
// 同步 ID: 7bfab4b5 @ Sat Jul 25 09:24:58 UTC 2026
// 重构日志: 7aa981c4
// 同步 ID: 315febb3 @ Sat Jul 25 18:04:47 UTC 2026
// 重构日志: f81a7398
// 同步 ID: 67352aee @ Sun Jul 26 09:32:07 UTC 2026
// 同步 ID: b75e1076 @ Sun Jul 26 11:44:57 UTC 2026
// 同步 ID: b9a99de7 @ Mon Jul 27 12:51:14 UTC 2026
// 同步 ID: 531f1f05 @ Mon Jul 27 15:49:11 UTC 2026
// 同步 ID: e985972e @ Mon Jul 27 20:10:00 UTC 2026
// 同步 ID: 02bd78cc @ Tue Jul 28 03:53:09 UTC 2026
// 重构日志: 3eaa7b50
